nohup: ignoring input
INFO:apscheduler.scheduler:Adding job tentatively -- it will be properly scheduled when the scheduler starts
INFO:apscheduler.scheduler:Adding job tentatively -- it will be properly scheduled when the scheduler starts
Traceback (most recent call last):
  File "/home/yuksal21/maestro.yuksalishbot.uz/bot.py", line 2628, in <module>
    asyncio.run(main())
  File "/opt/alt/python312/lib64/python3.12/asyncio/runners.py", line 195, in run
    return runner.run(main)
           ^^^^^^^^^^^^^^^^
  File "/opt/alt/python312/lib64/python3.12/asyncio/runners.py", line 118, in run
    return self._loop.run_until_complete(task)
           ^^^^^^^^^^^^^^^^^^^^^^^^^^^^^^^^^^^
  File "/opt/alt/python312/lib64/python3.12/asyncio/base_events.py", line 691, in run_until_complete
    return future.result()
           ^^^^^^^^^^^^^^^
  File "/home/yuksal21/maestro.yuksalishbot.uz/bot.py", line 2615, in main
    scheduler_tasks.add_job(scheduler.check_subscription_expiry, 'cron', hour=10, minute=5, args=(bot,))
                            ^^^^^^^^^^^^^^^^^^^^^^^^^^^^^^^^^^^
AttributeError: module 'scheduler' has no attribute 'check_subscription_expiry'
Exception ignored in: <function Connection.__del__ at 0x7f12ca836ac0>
Traceback (most recent call last):
  File "/home/yuksal21/virtualenv/maestro.yuksalishbot.uz/3.12/lib/python3.12/site-packages/aiomysql/connection.py", line 1131, in __del__
  File "/home/yuksal21/virtualenv/maestro.yuksalishbot.uz/3.12/lib/python3.12/site-packages/aiomysql/connection.py", line 339, in close
  File "/opt/alt/python312/lib64/python3.12/asyncio/selector_events.py", line 1213, in close
  File "/opt/alt/python312/lib64/python3.12/asyncio/selector_events.py", line 875, in close
  File "/opt/alt/python312/lib64/python3.12/asyncio/base_events.py", line 799, in call_soon
  File "/opt/alt/python312/lib64/python3.12/asyncio/base_events.py", line 545, in _check_closed
RuntimeError: Event loop is closed
